[run_dense] compare-host unhealthy; restarting
[run_dense] starting compare-host at http://127.0.0.1:9876
2026/06/04 08:19:19 compare-host listening on :9876 reports=/Users/openfluke/git/endgame/loom/planetbridging/python/dense/reports
2026/06/04 08:19:19 POST reports to http://localhost:9876/api/v1/report
2026/06/04 08:19:19 Compare at http://localhost:9876/api/v1/compare.txt
[run_dense] compare-host ready
[run_engine] running pytorch in pb-dense-pytorch
[pytorch] linear_16_4 ok samples=100 skipped_train=True
[pytorch] linear_32_4 ok samples=100 skipped_train=True
[pytorch] mlp_32_16_4_relu ok samples=100 skipped_train=True
[pytorch] mlp_32_16_4_tanh ok samples=100 skipped_train=True
[pytorch] mlp_32_16_4_sigmoid ok samples=100 skipped_train=True
[pytorch] mlp_64_32_16_4_relu ok samples=100 skipped_train=True
[pytorch] mlp_32_32_32_8_relu ok samples=100 skipped_train=True
[pytorch] mlp_128_64_32_16_4_relu ok samples=100 skipped_train=True
[pytorch] mlp_32_128_32_8_relu ok samples=100 skipped_train=True
[pytorch] mlp_32_16_8_no_bias ok samples=100 skipped_train=True
[pytorch] mlp_16_16_16_16_4_relu ok samples=100 skipped_train=True
[pytorch] mlp_32_64_32_16_8_relu ok samples=100 skipped_train=True
[run_engine] running tensorflow in pb-dense-tensorflow
WARNING:tensorflow:5 out of the last 9 calls to <function TensorFlowTrainer.make_predict_function.<locals>.one_step_on_data_distributed at 0x13645f380> triggered tf.function retracing. Tracing is expensive and the excessive number of tracings could be due to (1) creating @tf.function repeatedly in a loop, (2) passing tensors with different shapes, (3) passing Python objects instead of tensors. For (1), please define your @tf.function outside of the loop. For (2), @tf.function has reduce_retracing=True option that can avoid unnecessary retracing. For (3), please refer to https://www.tensorflow.org/guide/function#controlling_retracing and https://www.tensorflow.org/api_docs/python/tf/function for  more details.
WARNING:tensorflow:6 out of the last 12 calls to <function TensorFlowTrainer.make_predict_function.<locals>.one_step_on_data_distributed at 0x13645f380> triggered tf.function retracing. Tracing is expensive and the excessive number of tracings could be due to (1) creating @tf.function repeatedly in a loop, (2) passing tensors with different shapes, (3) passing Python objects instead of tensors. For (1), please define your @tf.function outside of the loop. For (2), @tf.function has reduce_retracing=True option that can avoid unnecessary retracing. For (3), please refer to https://www.tensorflow.org/guide/function#controlling_retracing and https://www.tensorflow.org/api_docs/python/tf/function for  more details.
[tensorflow] linear_16_4 ok samples=100 skipped_train=True
[tensorflow] linear_32_4 ok samples=100 skipped_train=True
[tensorflow] mlp_32_16_4_relu ok samples=100 skipped_train=True
[tensorflow] mlp_32_16_4_tanh ok samples=100 skipped_train=True
[tensorflow] mlp_32_16_4_sigmoid ok samples=100 skipped_train=True
[tensorflow] mlp_64_32_16_4_relu ok samples=100 skipped_train=True
[tensorflow] mlp_32_32_32_8_relu ok samples=100 skipped_train=True
[tensorflow] mlp_128_64_32_16_4_relu ok samples=100 skipped_train=True
[tensorflow] mlp_32_128_32_8_relu ok samples=100 skipped_train=True
[tensorflow] mlp_32_16_8_no_bias ok samples=100 skipped_train=True
[tensorflow] mlp_16_16_16_16_4_relu ok samples=100 skipped_train=True
[tensorflow] mlp_32_64_32_16_8_relu ok samples=100 skipped_train=True
[run_engine] running jax in pb-dense-jax
[jax] linear_16_4 ok samples=100 skipped_train=True
[jax] linear_32_4 ok samples=100 skipped_train=True
[jax] mlp_32_16_4_relu ok samples=100 skipped_train=True
[jax] mlp_32_16_4_tanh ok samples=100 skipped_train=True
[jax] mlp_32_16_4_sigmoid ok samples=100 skipped_train=True
[jax] mlp_64_32_16_4_relu ok samples=100 skipped_train=True
[jax] mlp_32_32_32_8_relu ok samples=100 skipped_train=True
[jax] mlp_128_64_32_16_4_relu ok samples=100 skipped_train=True
[jax] mlp_32_128_32_8_relu ok samples=100 skipped_train=True
[jax] mlp_32_16_8_no_bias ok samples=100 skipped_train=True
[jax] mlp_16_16_16_16_4_relu ok samples=100 skipped_train=True
[jax] mlp_32_64_32_16_8_relu ok samples=100 skipped_train=True
[run_engine] running sklearn in pb-dense-sklearn
[sklearn] linear_16_4 ok samples=100 skipped_train=True
[sklearn] linear_32_4 ok samples=100 skipped_train=True
[sklearn] mlp_32_16_4_relu ok samples=100 skipped_train=True
[sklearn] mlp_32_16_4_tanh ok samples=100 skipped_train=True
[sklearn] mlp_32_16_4_sigmoid ok samples=100 skipped_train=True
[sklearn] mlp_64_32_16_4_relu ok samples=100 skipped_train=True
[sklearn] mlp_32_32_32_8_relu ok samples=100 skipped_train=True
[sklearn] mlp_128_64_32_16_4_relu ok samples=100 skipped_train=True
[sklearn] mlp_32_128_32_8_relu ok samples=100 skipped_train=True
[sklearn] mlp_32_16_8_no_bias ok samples=100 skipped_train=True
[sklearn] mlp_16_16_16_16_4_relu ok samples=100 skipped_train=True
[sklearn] mlp_32_64_32_16_8_relu ok samples=100 skipped_train=True
[run_engine] running paddle in pb-dense-paddle
/opt/homebrew/Caskroom/miniconda/base/envs/pb-dense-paddle/lib/python3.11/site-packages/paddle/utils/cpp_extension/extension_utils.py:712: UserWarning: No ccache found. Please be aware that recompiling all source files may be required. You can download and install ccache from: https://github.com/ccache/ccache/blob/master/doc/INSTALL.md
  warnings.warn(warning_message)
[paddle] linear_16_4 ok samples=100 skipped_train=True
[paddle] linear_32_4 ok samples=100 skipped_train=True
[paddle] mlp_32_16_4_relu ok samples=100 skipped_train=True
[paddle] mlp_32_16_4_tanh ok samples=100 skipped_train=True
[paddle] mlp_32_16_4_sigmoid ok samples=100 skipped_train=True
[paddle] mlp_64_32_16_4_relu ok samples=100 skipped_train=True
[paddle] mlp_32_32_32_8_relu ok samples=100 skipped_train=True
[paddle] mlp_128_64_32_16_4_relu ok samples=100 skipped_train=True
[paddle] mlp_32_128_32_8_relu ok samples=100 skipped_train=True
[paddle] mlp_32_16_8_no_bias ok samples=100 skipped_train=True
[paddle] mlp_16_16_16_16_4_relu ok samples=100 skipped_train=True
[paddle] mlp_32_64_32_16_8_relu ok samples=100 skipped_train=True
[run_engine] running onnxruntime in pb-dense-onnxruntime
[onnxruntime] linear_16_4 ok samples=100 skipped_train=True
[onnxruntime] linear_32_4 ok samples=100 skipped_train=True
[onnxruntime] mlp_32_16_4_relu ok samples=100 skipped_train=True
[onnxruntime] mlp_32_16_4_tanh ok samples=100 skipped_train=True
[onnxruntime] mlp_32_16_4_sigmoid ok samples=100 skipped_train=True
[onnxruntime] mlp_64_32_16_4_relu ok samples=100 skipped_train=True
[onnxruntime] mlp_32_32_32_8_relu ok samples=100 skipped_train=True
[onnxruntime] mlp_128_64_32_16_4_relu ok samples=100 skipped_train=True
[onnxruntime] mlp_32_128_32_8_relu ok samples=100 skipped_train=True
[onnxruntime] mlp_32_16_8_no_bias ok samples=100 skipped_train=True
[onnxruntime] mlp_16_16_16_16_4_relu ok samples=100 skipped_train=True
[onnxruntime] mlp_32_64_32_16_8_relu ok samples=100 skipped_train=True

========== comparison summary ==========
Planet Bridging dense output comparison
fixture=dense_bedrock_v2 reports=72

model mlp_32_32_32_8_relu (6 engines)
  - jax (jax-0.9.2) samples=100 skipped_train=true
  - onnxruntime (1.26.0) samples=100 skipped_train=true
  - paddle (3.3.1) samples=100 skipped_train=true
  - pytorch (2.11.0) samples=100 skipped_train=true
  - sklearn (1.9.0) samples=100 skipped_train=true
  - tensorflow (2.19.1) samples=100 skipped_train=true
  DIFF jax vs onnxruntime max=1.255386e-01 mean=8.746963e-03
  DIFF jax vs paddle max=3.239392e-01 mean=1.067427e-02
  DIFF jax vs pytorch max=1.255386e-01 mean=8.746963e-03
  DIFF jax vs sklearn max=2.368333e-01 mean=8.865540e-03
  DIFF jax vs tensorflow max=2.229258e-01 mean=1.216777e-02
  DIFF onnxruntime vs paddle max=3.217577e-01 mean=1.000513e-02
  EXACT onnxruntime vs pytorch max=0.000000e+00 mean=0.000000e+00
  DIFF onnxruntime vs sklearn max=2.346518e-01 mean=9.310729e-03
  DIFF onnxruntime vs tensorflow max=1.571089e-01 mean=1.004421e-02
  DIFF paddle vs pytorch max=3.217577e-01 mean=1.000513e-02
  DIFF paddle vs sklearn max=1.677106e-01 mean=1.125948e-02
  DIFF paddle vs tensorflow max=3.060251e-01 mean=1.070493e-02
  DIFF pytorch vs sklearn max=2.346518e-01 mean=9.310729e-03
  DIFF pytorch vs tensorflow max=1.571089e-01 mean=1.004421e-02
  DIFF sklearn vs tensorflow max=2.189192e-01 mean=1.099179e-02

model mlp_32_64_32_16_8_relu (6 engines)
  - jax (jax-0.9.2) samples=100 skipped_train=true
  - onnxruntime (1.26.0) samples=100 skipped_train=true
  - paddle (3.3.1) samples=100 skipped_train=true
  - pytorch (2.11.0) samples=100 skipped_train=true
  - sklearn (1.9.0) samples=100 skipped_train=true
  - tensorflow (2.19.1) samples=100 skipped_train=true
  DIFF jax vs onnxruntime max=1.912225e-01 mean=1.382369e-02
  DIFF jax vs paddle max=2.877311e-01 mean=1.301435e-02
  DIFF jax vs pytorch max=1.912225e-01 mean=1.382369e-02
  DIFF jax vs sklearn max=2.035995e-01 mean=1.564350e-02
  DIFF jax vs tensorflow max=2.979696e-01 mean=2.599894e-02
  DIFF onnxruntime vs paddle max=2.612658e-01 mean=1.238785e-02
  EXACT onnxruntime vs pytorch max=0.000000e+00 mean=0.000000e+00
  DIFF onnxruntime vs sklearn max=1.367076e-01 mean=1.202030e-02
  DIFF onnxruntime vs tensorflow max=2.636304e-01 mean=2.066188e-02
  DIFF paddle vs pytorch max=2.612658e-01 mean=1.238785e-02
  DIFF paddle vs sklearn max=2.451966e-01 mean=1.085171e-02
  DIFF paddle vs tensorflow max=3.368708e-01 mean=2.122365e-02
  DIFF pytorch vs sklearn max=1.367076e-01 mean=1.202030e-02
  DIFF pytorch vs tensorflow max=2.636304e-01 mean=2.066188e-02
  DIFF sklearn vs tensorflow max=2.254838e-01 mean=1.880997e-02

model mlp_64_32_16_4_relu (6 engines)
  - jax (jax-0.9.2) samples=100 skipped_train=true
  - onnxruntime (1.26.0) samples=100 skipped_train=true
  - paddle (3.3.1) samples=100 skipped_train=true
  - pytorch (2.11.0) samples=100 skipped_train=true
  - sklearn (1.9.0) samples=100 skipped_train=true
  - tensorflow (2.19.1) samples=100 skipped_train=true
  DIFF jax vs onnxruntime max=4.472589e-01 mean=2.622250e-02
  DIFF jax vs paddle max=4.436131e-01 mean=2.337085e-02
  DIFF jax vs pytorch max=4.472589e-01 mean=2.622250e-02
  DIFF jax vs sklearn max=3.062618e-01 mean=2.298751e-02
  DIFF jax vs tensorflow max=2.790560e-01 mean=3.337570e-02
  DIFF onnxruntime vs paddle max=4.039224e-01 mean=2.522052e-02
  EXACT onnxruntime vs pytorch max=0.000000e+00 mean=0.000000e+00
  DIFF onnxruntime vs sklearn max=3.077448e-01 mean=3.421843e-02
  DIFF onnxruntime vs tensorflow max=4.047484e-01 mean=4.480272e-02
  DIFF paddle vs pytorch max=4.039224e-01 mean=2.522052e-02
  DIFF paddle vs sklearn max=3.525576e-01 mean=2.733811e-02
  DIFF paddle vs tensorflow max=5.096809e-01 mean=3.857723e-02
  DIFF pytorch vs sklearn max=3.077448e-01 mean=3.421843e-02
  DIFF pytorch vs tensorflow max=4.047484e-01 mean=4.480272e-02
  DIFF sklearn vs tensorflow max=2.840216e-01 mean=3.514933e-02

model linear_32_4 (6 engines)
  - jax (jax-0.9.2) samples=100 skipped_train=true
  - onnxruntime (1.26.0) samples=100 skipped_train=true
  - paddle (3.3.1) samples=100 skipped_train=true
  - pytorch (2.11.0) samples=100 skipped_train=true
  - sklearn (1.9.0) samples=100 skipped_train=true
  - tensorflow (2.19.1) samples=100 skipped_train=true
  DIFF jax vs onnxruntime max=3.574997e-01 mean=3.685780e-02
  DIFF jax vs paddle max=3.302637e-01 mean=2.439586e-02
  DIFF jax vs pytorch max=3.574997e-01 mean=3.685780e-02
  DIFF jax vs sklearn max=2.815281e-01 mean=2.803016e-02
  DIFF jax vs tensorflow max=2.914218e-01 mean=2.523385e-02
  DIFF onnxruntime vs paddle max=2.629162e-01 mean=3.066876e-02
  EXACT onnxruntime vs pytorch max=0.000000e+00 mean=0.000000e+00
  DIFF onnxruntime vs sklearn max=2.612440e-01 mean=2.935654e-02
  DIFF onnxruntime vs tensorflow max=5.086833e-01 mean=3.591948e-02
  DIFF paddle vs pytorch max=2.629162e-01 mean=3.066876e-02
  DIFF paddle vs sklearn max=1.996531e-01 mean=2.081234e-02
  DIFF paddle vs tensorflow max=2.628323e-01 mean=2.260275e-02
  DIFF pytorch vs sklearn max=2.612440e-01 mean=2.935654e-02
  DIFF pytorch vs tensorflow max=5.086833e-01 mean=3.591948e-02
  DIFF sklearn vs tensorflow max=3.868534e-01 mean=2.579054e-02

model mlp_128_64_32_16_4_relu (6 engines)
  - jax (jax-0.9.2) samples=100 skipped_train=true
  - onnxruntime (1.26.0) samples=100 skipped_train=true
  - paddle (3.3.1) samples=100 skipped_train=true
  - pytorch (2.11.0) samples=100 skipped_train=true
  - sklearn (1.9.0) samples=100 skipped_train=true
  - tensorflow (2.19.1) samples=100 skipped_train=true
  DIFF jax vs onnxruntime max=2.636029e-01 mean=2.532203e-02
  DIFF jax vs paddle max=3.082539e-01 mean=3.413806e-02
  DIFF jax vs pytorch max=2.636029e-01 mean=2.532203e-02
  DIFF jax vs sklearn max=3.764138e-01 mean=3.750070e-02
  DIFF jax vs tensorflow max=4.645242e-01 mean=5.018758e-02
  DIFF onnxruntime vs paddle max=3.576229e-01 mean=3.267277e-02
  EXACT onnxruntime vs pytorch max=0.000000e+00 mean=0.000000e+00
  DIFF onnxruntime vs sklearn max=3.559990e-01 mean=2.993753e-02
  DIFF onnxruntime vs tensorflow max=5.043322e-01 mean=4.757801e-02
  DIFF paddle vs pytorch max=3.576229e-01 mean=3.267277e-02
  DIFF paddle vs sklearn max=2.418799e-01 mean=3.332790e-02
  DIFF paddle vs tensorflow max=6.089087e-01 mean=4.835284e-02
  DIFF pytorch vs sklearn max=3.559990e-01 mean=2.993753e-02
  DIFF pytorch vs tensorflow max=5.043322e-01 mean=4.757801e-02
  DIFF sklearn vs tensorflow max=5.974848e-01 mean=5.426650e-02

model mlp_16_16_16_16_4_relu (6 engines)
  - jax (jax-0.9.2) samples=100 skipped_train=true
  - onnxruntime (1.26.0) samples=100 skipped_train=true
  - paddle (3.3.1) samples=100 skipped_train=true
  - pytorch (2.11.0) samples=100 skipped_train=true
  - sklearn (1.9.0) samples=100 skipped_train=true
  - tensorflow (2.19.1) samples=100 skipped_train=true
  DIFF jax vs onnxruntime max=1.653747e-01 mean=1.699469e-02
  DIFF jax vs paddle max=9.150839e-02 mean=1.600489e-02
  DIFF jax vs pytorch max=1.653747e-01 mean=1.699469e-02
  DIFF jax vs sklearn max=1.023355e-01 mean=1.269526e-02
  DIFF jax vs tensorflow max=1.082818e-01 mean=1.311560e-02
  DIFF onnxruntime vs paddle max=1.025325e-01 mean=1.477205e-02
  EXACT onnxruntime vs pytorch max=0.000000e+00 mean=0.000000e+00
  DIFF onnxruntime vs sklearn max=1.309992e-01 mean=1.837129e-02
  DIFF onnxruntime vs tensorflow max=1.245774e-01 mean=2.073795e-02
  DIFF paddle vs pytorch max=1.025325e-01 mean=1.477205e-02
  DIFF paddle vs sklearn max=1.119668e-01 mean=1.512573e-02
  DIFF paddle vs tensorflow max=1.588153e-01 mean=1.986343e-02
  DIFF pytorch vs sklearn max=1.309992e-01 mean=1.837129e-02
  DIFF pytorch vs tensorflow max=1.245774e-01 mean=2.073795e-02
  DIFF sklearn vs tensorflow max=1.106860e-01 mean=1.319019e-02

model mlp_32_128_32_8_relu (6 engines)
  - jax (jax-0.9.2) samples=100 skipped_train=true
  - onnxruntime (1.26.0) samples=100 skipped_train=true
  - paddle (3.3.1) samples=100 skipped_train=true
  - pytorch (2.11.0) samples=100 skipped_train=true
  - sklearn (1.9.0) samples=100 skipped_train=true
  - tensorflow (2.19.1) samples=100 skipped_train=true
  DIFF jax vs onnxruntime max=2.621101e-01 mean=1.351642e-02
  DIFF jax vs paddle max=1.898721e-01 mean=1.196215e-02
  DIFF jax vs pytorch max=2.621101e-01 mean=1.351642e-02
  DIFF jax vs sklearn max=3.501900e-01 mean=1.349523e-02
  DIFF jax vs tensorflow max=1.679235e-01 mean=1.323578e-02
  DIFF onnxruntime vs paddle max=1.842209e-01 mean=1.666950e-02
  EXACT onnxruntime vs pytorch max=0.000000e+00 mean=0.000000e+00
  DIFF onnxruntime vs sklearn max=1.820267e-01 mean=1.056322e-02
  DIFF onnxruntime vs tensorflow max=3.160945e-01 mean=1.734490e-02
  DIFF paddle vs pytorch max=1.842209e-01 mean=1.666950e-02
  DIFF paddle vs sklearn max=2.723009e-01 mean=1.722602e-02
  DIFF paddle vs tensorflow max=1.672651e-01 mean=1.064325e-02
  DIFF pytorch vs sklearn max=1.820267e-01 mean=1.056322e-02
  DIFF pytorch vs tensorflow max=3.160945e-01 mean=1.734490e-02
  DIFF sklearn vs tensorflow max=4.041745e-01 mean=1.715816e-02

model mlp_32_16_4_relu (6 engines)
  - jax (jax-0.9.2) samples=100 skipped_train=true
  - onnxruntime (1.26.0) samples=100 skipped_train=true
  - paddle (3.3.1) samples=100 skipped_train=true
  - pytorch (2.11.0) samples=100 skipped_train=true
  - sklearn (1.9.0) samples=100 skipped_train=true
  - tensorflow (2.19.1) samples=100 skipped_train=true
  DIFF jax vs onnxruntime max=1.556336e-01 mean=1.598077e-02
  DIFF jax vs paddle max=1.877635e-01 mean=1.656522e-02
  DIFF jax vs pytorch max=1.556336e-01 mean=1.598077e-02
  DIFF jax vs sklearn max=3.132701e-01 mean=1.671700e-02
  DIFF jax vs tensorflow max=3.256455e-01 mean=1.816380e-02
  DIFF onnxruntime vs paddle max=2.316897e-01 mean=1.825514e-02
  EXACT onnxruntime vs pytorch max=0.000000e+00 mean=0.000000e+00
  DIFF onnxruntime vs sklearn max=1.899310e-01 mean=1.815133e-02
  DIFF onnxruntime vs tensorflow max=1.909764e-01 mean=2.035250e-02
  DIFF paddle vs pytorch max=2.316897e-01 mean=1.825514e-02
  DIFF paddle vs sklearn max=2.885084e-01 mean=1.616170e-02
  DIFF paddle vs tensorflow max=3.008838e-01 mean=1.953767e-02
  DIFF pytorch vs sklearn max=1.899310e-01 mean=1.815133e-02
  DIFF pytorch vs tensorflow max=1.909764e-01 mean=2.035250e-02
  DIFF sklearn vs tensorflow max=1.562799e-01 mean=1.641605e-02

model mlp_32_16_4_sigmoid (6 engines)
  - jax (jax-0.9.2) samples=100 skipped_train=true
  - onnxruntime (1.26.0) samples=100 skipped_train=true
  - paddle (3.3.1) samples=100 skipped_train=true
  - pytorch (2.11.0) samples=100 skipped_train=true
  - sklearn (1.9.0) samples=100 skipped_train=true
  - tensorflow (2.19.1) samples=100 skipped_train=true
  DIFF jax vs onnxruntime max=1.689215e-01 mean=1.712630e-02
  DIFF jax vs paddle max=2.012887e-01 mean=2.105505e-02
  DIFF jax vs pytorch max=1.689215e-01 mean=1.712630e-02
  DIFF jax vs sklearn max=1.532693e-01 mean=2.401682e-02
  DIFF jax vs tensorflow max=1.568553e-01 mean=1.640538e-02
  DIFF onnxruntime vs paddle max=2.148232e-01 mean=2.375959e-02
  DIFF onnxruntime vs pytorch max=2.980232e-07 mean=2.743211e-08
  DIFF onnxruntime vs sklearn max=1.949073e-01 mean=2.366562e-02
  DIFF onnxruntime vs tensorflow max=1.422111e-01 mean=1.797756e-02
  DIFF paddle vs pytorch max=2.148229e-01 mean=2.375960e-02
  DIFF paddle vs sklearn max=1.832987e-01 mean=2.218223e-02
  DIFF paddle vs tensorflow max=2.344511e-01 mean=2.380499e-02
  DIFF pytorch vs sklearn max=1.949073e-01 mean=2.366562e-02
  DIFF pytorch vs tensorflow max=1.422112e-01 mean=1.797756e-02
  DIFF sklearn vs tensorflow max=1.973759e-01 mean=2.507820e-02

model mlp_32_16_4_tanh (6 engines)
  - jax (jax-0.9.2) samples=100 skipped_train=true
  - onnxruntime (1.26.0) samples=100 skipped_train=true
  - paddle (3.3.1) samples=100 skipped_train=true
  - pytorch (2.11.0) samples=100 skipped_train=true
  - sklearn (1.9.0) samples=100 skipped_train=true
  - tensorflow (2.19.1) samples=100 skipped_train=true
  DIFF jax vs onnxruntime max=1.716737e-01 mean=2.011936e-02
  DIFF jax vs paddle max=1.835046e-01 mean=1.842862e-02
  DIFF jax vs pytorch max=1.716737e-01 mean=2.011936e-02
  DIFF jax vs sklearn max=2.550869e-01 mean=2.169485e-02
  DIFF jax vs tensorflow max=2.328878e-01 mean=1.906150e-02
  DIFF onnxruntime vs paddle max=1.622946e-01 mean=1.732035e-02
  DIFF onnxruntime vs pytorch max=3.576279e-07 mean=2.055109e-08
  DIFF onnxruntime vs sklearn max=2.409809e-01 mean=2.489923e-02
  DIFF onnxruntime vs tensorflow max=2.548591e-01 mean=2.309195e-02
  DIFF paddle vs pytorch max=1.622946e-01 mean=1.732035e-02
  DIFF paddle vs sklearn max=2.224763e-01 mean=2.077887e-02
  DIFF paddle vs tensorflow max=1.376664e-01 mean=1.666266e-02
  DIFF pytorch vs sklearn max=2.409809e-01 mean=2.489923e-02
  DIFF pytorch vs tensorflow max=2.548591e-01 mean=2.309195e-02
  DIFF sklearn vs tensorflow max=2.340612e-01 mean=2.428094e-02

model linear_16_4 (6 engines)
  - jax (jax-0.9.2) samples=100 skipped_train=true
  - onnxruntime (1.26.0) samples=100 skipped_train=true
  - paddle (3.3.1) samples=100 skipped_train=true
  - pytorch (2.11.0) samples=100 skipped_train=true
  - sklearn (1.9.0) samples=100 skipped_train=true
  - tensorflow (2.19.1) samples=100 skipped_train=true
  DIFF jax vs onnxruntime max=2.071142e-01 mean=2.055303e-02
  DIFF jax vs paddle max=2.485518e-01 mean=1.927931e-02
  DIFF jax vs pytorch max=2.071142e-01 mean=2.055303e-02
  DIFF jax vs sklearn max=1.969403e-01 mean=1.818667e-02
  DIFF jax vs tensorflow max=2.193891e-01 mean=2.026757e-02
  DIFF onnxruntime vs paddle max=1.764776e-01 mean=1.894737e-02
  EXACT onnxruntime vs pytorch max=0.000000e+00 mean=0.000000e+00
  DIFF onnxruntime vs sklearn max=1.958352e-01 mean=1.912473e-02
  DIFF onnxruntime vs tensorflow max=2.881624e-01 mean=2.584275e-02
  DIFF paddle vs pytorch max=1.764776e-01 mean=1.894737e-02
  DIFF paddle vs sklearn max=1.935583e-01 mean=1.241879e-02
  DIFF paddle vs tensorflow max=2.846439e-01 mean=1.766912e-02
  DIFF pytorch vs sklearn max=1.958352e-01 mean=1.912473e-02
  DIFF pytorch vs tensorflow max=2.881624e-01 mean=2.584275e-02
  DIFF sklearn vs tensorflow max=2.588697e-01 mean=2.057903e-02

model mlp_32_16_8_no_bias (6 engines)
  - jax (jax-0.9.2) samples=100 skipped_train=true
  - onnxruntime (1.26.0) samples=100 skipped_train=true
  - paddle (3.3.1) samples=100 skipped_train=true
  - pytorch (2.11.0) samples=100 skipped_train=true
  - sklearn (1.9.0) samples=100 skipped_train=true
  - tensorflow (2.19.1) samples=100 skipped_train=true
  DIFF jax vs onnxruntime max=3.820820e-01 mean=2.339665e-02
  DIFF jax vs paddle max=3.642498e-01 mean=2.049180e-02
  DIFF jax vs pytorch max=3.820820e-01 mean=2.339665e-02
  DIFF jax vs sklearn max=8.582898e-01 mean=2.878515e-02
  DIFF jax vs tensorflow max=3.604726e-01 mean=2.153575e-02
  DIFF onnxruntime vs paddle max=4.251798e-01 mean=2.079809e-02
  EXACT onnxruntime vs pytorch max=0.000000e+00 mean=0.000000e+00
  DIFF onnxruntime vs sklearn max=6.225290e-01 mean=3.171826e-02
  DIFF onnxruntime vs tensorflow max=3.387350e-01 mean=2.251920e-02
  DIFF paddle vs pytorch max=4.251798e-01 mean=2.079809e-02
  DIFF paddle vs sklearn max=6.082770e-01 mean=2.981715e-02
  DIFF paddle vs tensorflow max=4.032188e-01 mean=1.768089e-02
  DIFF pytorch vs sklearn max=6.225290e-01 mean=3.171826e-02
  DIFF pytorch vs tensorflow max=3.387350e-01 mean=2.251920e-02
  DIFF sklearn vs tensorflow max=4.978172e-01 mean=3.016782e-02


[run_dense] all engines completed
